Name: CCTV-1, URL: http://74.91.26.218:82/live/cctv1hd.m3u8, IPv_Type: ipv4, Location: 美国, ISP: , Date: None, Delay: 2914 ms, Speed: 1.41 M/s, Resolution: 1920x1080
Name: CCTV-3, URL: http://74.91.26.218:82/live/cctv3hd.m3u8, IPv_Type: ipv4, Location: 美国, ISP: , Date: None, Delay: 569 ms, Speed: 2.25 M/s, Resolution: 1280x720
Name: CCTV-6, URL: http://198.204.240.250:82/live/cctv6.m3u8, IPv_Type: ipv4, Location: 美国, ISP: , Date: None, Delay: 439 ms, Speed: 1.19 M/s, Resolution: 1280x720
Name: CCTV-6, URL: http://69.30.245.50/live/cctv6.m3u8, IPv_Type: ipv4, Location: 美国-密苏里州-杰克逊县, ISP: WholeSale互联网股份有限公司, Date: None, Delay: 470 ms, Speed: 1.12 M/s, Resolution: 1280x720
Name: CCTV-9, URL: https://xykt-fix.github.io/Y77.m3u8, IPv_Type: ipv6, Location: 美国, ISP: , Date: None, Delay: 988 ms, Speed: 0.20 M/s, Resolution: None
Name: CCTV-10, URL: http://74.91.26.218:82/live/cctv10hd.m3u8, IPv_Type: ipv4, Location: 美国, ISP: , Date: None, Delay: 611 ms, Speed: 2.80 M/s, Resolution: 1280x720
Name: CCTV-10, URL: https://cdn4.skygo.mn/live/disk1/CCTV-10/HLSv3-FTA/CCTV-10.m3u8, IPv_Type: ipv4, Location: 蒙古, ISP: , Date: None, Delay: 2552 ms, Speed: 0.63 M/s, Resolution: None
Name: CCTV-11, URL: http://74.91.26.218:82/live/cctv11hd.m3u8, IPv_Type: ipv4, Location: 美国, ISP: , Date: None, Delay: 565 ms, Speed: 2.72 M/s, Resolution: 1280x720
Name: CCTV-12, URL: http://74.91.26.218:82/live/cctv12hd.m3u8, IPv_Type: ipv4, Location: 美国, ISP: , Date: None, Delay: 583 ms, Speed: 2.39 M/s, Resolution: 1280x720
Name: CCTV-13, URL: http://74.91.26.218:82/live/cctv13hd.m3u8, IPv_Type: ipv4, Location: 美国, ISP: , Date: None, Delay: 1199 ms, Speed: 3.84 M/s, Resolution: 1920x1080
Name: CCTV-13, URL: http://go.bkpcp.top/mg/cctv13, IPv_Type: ipv4, Location: 美国, ISP: CloudFlare节点, Date: None, Delay: 1336 ms, Speed: 1.36 M/s, Resolution: 1920x1080
Name: CCTV-13, URL: http://ali-m-l.cztv.com/channels/lantian/channel21/1080p.m3u8, IPv_Type: ipv4, Location: 中国-陕西, ISP: 移动, Date: None, Delay: 1802 ms, Speed: 1.22 M/s, Resolution: 1920x1080
Name: CCTV-14, URL: http://74.91.26.218:82/live/cctv14hd.m3u8, IPv_Type: ipv4, Location: 美国, ISP: , Date: None, Delay: 614 ms, Speed: 2.52 M/s, Resolution: 1280x720
Name: CCTV-15, URL: http://74.91.26.218:82/live/cctv15hd.m3u8, IPv_Type: ipv4, Location: 美国, ISP: , Date: None, Delay: 805 ms, Speed: 3.00 M/s, Resolution: 1280x720
Name: CCTV-17, URL: https://live.264788.xyz/channel/cctv17?streamid=f9c36f1e95b5b35eac89cc89583e7c0a&livekey=01WgOR41rriMmMkzNsd0UoaxJRwetZdxIvtVk, IPv_Type: ipv4, Location: 美国, ISP: CloudFlare节点, Date: None, Delay: 62 ms, Speed: 87.76 M/s, Resolution: 1920x1080
Name: CCTV-17, URL: https://live.264788.xyz/channel/cctv17?streamid=348c8c0c04a6d2b900e5a3bcb4af8ce1&livekey=01WgOR41rriMmMkzNsd0UoaxJRwetZdxIvtVk, IPv_Type: ipv4, Location: 美国, ISP: CloudFlare节点, Date: None, Delay: 76 ms, Speed: 75.07 M/s, Resolution: 1920x1080
Name: CCTV-17, URL: http://74.91.26.218:82/live/cctv17hd.m3u8, IPv_Type: ipv4, Location: 美国, ISP: , Date: None, Delay: 712 ms, Speed: 6.69 M/s, Resolution: 1920x1080
Name: 凤凰中文, URL: http://php.jdshipin.com/TVOD/iptv.php, IPv_Type: ipv6, Location: 美国, ISP: CloudFlare Inc., Date: None, Delay: 478 ms, Speed: 5.57 M/s, Resolution: 1280x720
Name: 纬来体育, URL: https://epg.pw/stream/8855a9936e37e608a0ec8a014cce1673dee9c5d68d560da376cc92e5edef2b25.m3u8, IPv_Type: ipv6, Location: 美国, ISP: CloudFlare Inc., Date: None, Delay: 1408 ms, Speed: 0.48 M/s, Resolution: 1280x720
Name: 纬来体育, URL: https://epg.pw/stream/4f18dfe0593db5c686eb64ae8edaf2a9202d4d46bdc9bbde2cee27708e12ea01.m3u8, IPv_Type: ipv6, Location: 美国, ISP: CloudFlare Inc., Date: None, Delay: 1416 ms, Speed: 0.47 M/s, Resolution: 1280x720
Name: 文化精品, URL: https://live.264788.xyz/channel/yangshiwenhuajingpin?streamid=bc185d1ef1e528922e83efd845006277&livekey=01WgOR41rriMmMkzNsd0UoaxJRwetZdxIvtVk, IPv_Type: ipv4, Location: 美国, ISP: CloudFlare节点, Date: None, Delay: 101 ms, Speed: 46.53 M/s, Resolution: 1920x1080
Name: 央视台球, URL: http://dassby.qqff.top:99/live/央视台球/index.m3u8, IPv_Type: ipv4, Location: 中国-辽宁-沈阳, ISP: 联通, Date: None, Delay: 5257 ms, Speed: 0.34 M/s, Resolution: None
Name: 风云音乐, URL: https://live.264788.xyz/channel/fengyunyinyue?streamid=1b41fb9153cba3ee19bd5d1b323da27e&livekey=01WgOR41rriMmMkzNsd0UoaxJRwetZdxIvtVk, IPv_Type: ipv4, Location: 美国, ISP: CloudFlare节点, Date: None, Delay: 83 ms, Speed: 64.21 M/s, Resolution: 1920x1080
Name: 风云音乐, URL: https://live.264788.xyz/channel/fengyunyinyue?streamid=be37d16b874e7ba11dd383d7ecd75752&livekey=01WgOR41rriMmMkzNsd0UoaxJRwetZdxIvtVk, IPv_Type: ipv4, Location: 美国, ISP: CloudFlare节点, Date: None, Delay: 171 ms, Speed: 33.65 M/s, Resolution: 1920x1080
Name: 风云音乐, URL: http://dassby.qqff.top:99/live/风云音乐/index.m3u8, IPv_Type: ipv4, Location: 中国-辽宁-沈阳, ISP: 联通, Date: None, Delay: 5475 ms, Speed: 0.28 M/s, Resolution: 1920x1080
Name: 第一剧场, URL: https://live.264788.xyz/channel/diyijuchang?streamid=d81e188b59ece96b7e8f1ce34aea3ef8&livekey=01WgOR41rriMmMkzNsd0UoaxJRwetZdxIvtVk, IPv_Type: ipv4, Location: 美国, ISP: CloudFlare节点, Date: None, Delay: 51 ms, Speed: 93.78 M/s, Resolution: 1920x1080
Name: 第一剧场, URL: https://live.264788.xyz/channel/diyijuchang?streamid=e9b0fb1ca135a4aeae12944494883794&livekey=01WgOR41rriMmMkzNsd0UoaxJRwetZdxIvtVk, IPv_Type: ipv4, Location: 美国, ISP: CloudFlare节点, Date: None, Delay: 58 ms, Speed: 82.20 M/s, Resolution: 1920x1080
Name: 风云剧场, URL: https://live.264788.xyz/channel/fengyunjuchang?streamid=31e7b5b7032d25dd215a4069cdee1a48&livekey=01WgOR41rriMmMkzNsd0UoaxJRwetZdxIvtVk, IPv_Type: ipv4, Location: 美国, ISP: CloudFlare节点, Date: None, Delay: 60 ms, Speed: 89.17 M/s, Resolution: 1920x1080
Name: 怀旧剧场, URL: https://live.264788.xyz/channel/huaijiujuchang?streamid=7e5d1abdddde08f588234f3f640f75ff&livekey=01WgOR41rriMmMkzNsd0UoaxJRwetZdxIvtVk, IPv_Type: ipv4, Location: 美国, ISP: CloudFlare节点, Date: None, Delay: 48 ms, Speed: 108.48 M/s, Resolution: 1920x1080
Name: 女性时尚, URL: http://dassby.qqff.top:99/live/女性时尚/index.m3u8, IPv_Type: ipv4, Location: 中国-辽宁-沈阳, ISP: 联通, Date: None, Delay: 5860 ms, Speed: 0.22 M/s, Resolution: None
Name: 兵器科技, URL: https://live.264788.xyz/channel/bingqikeji?streamid=6fc55a0966bdad1e1cdf39a4d37dd776&livekey=01WgOR41rriMmMkzNsd0UoaxJRwetZdxIvtVk, IPv_Type: ipv4, Location: 美国, ISP: CloudFlare节点, Date: None, Delay: 68 ms, Speed: 85.50 M/s, Resolution: 1920x1080
Name: 兵器科技, URL: https://live.264788.xyz/channel/bingqikeji?streamid=530cb4e58bbc48b7fc26f5e0a2e47966&livekey=01WgOR41rriMmMkzNsd0UoaxJRwetZdxIvtVk, IPv_Type: ipv4, Location: 美国, ISP: CloudFlare节点, Date: None, Delay: 69 ms, Speed: 77.77 M/s, Resolution: 1920x1080
Name: 广东卫视, URL: https://txmov2.a.kwimgs.com/upic/2023/01/26/09/BMjAyMzAxMjYwOTE3NDVfNzM5MzQzNzIyXzk0NjI1OTUwNTA3XzBfMw==_b_B81ddda927d33445d544befd008e60109.mp4, IPv_Type: ipv4, Location: 美国-加利福尼亚州-圣克拉拉, ISP: 腾讯云, Date: None, Delay: 41 ms, Speed: 109.65 M/s, Resolution: 1280x720
Name: 浙江卫视, URL: http://ali-m-l.cztv.com/channels/lantian/channel001/1080p.m3u8, IPv_Type: ipv4, Location: 中国-陕西, ISP: 移动, Date: None, Delay: 1777 ms, Speed: 1.05 M/s, Resolution: 1920x1080
Name: 浙江卫视, URL: https://ali-m-l.cztv.com/channels/lantian/channel001/1080p.m3u8, IPv_Type: ipv4, Location: 中国-陕西, ISP: 移动, Date: None, Delay: 2005 ms, Speed: 0.97 M/s, Resolution: 1920x1080
Name: 浙江卫视, URL: http://ali-m-l.cztv.com/channels/lantian/channel01/1080p.m3u8, IPv_Type: ipv4, Location: 中国-陕西, ISP: 移动, Date: None, Delay: 1343 ms, Speed: 0.50 M/s, Resolution: 1920x1080
Name: 湖南卫视, URL: https://txmov2.a.kwimgs.com/bs3/video-hls/5199687338554291078_hlsb.m3u8, IPv_Type: ipv4, Location: 美国-加利福尼亚州-圣克拉拉, ISP: 腾讯云, Date: None, Delay: 599 ms, Speed: 9.42 M/s, Resolution: 1280x720
Name: 湖南卫视, URL: http://hlsal-ldvt.qing.mgtv.com/nn_live/nn_x64/Y2RuZXhfaWQ9YWxfaGxzX2xkdnQmZT02OTE0NjA0JnY9MSZpZD1ITldTWkdTVCZzPTcwN2RiYTc2YzJjNmJmMTQ4MmUyZGYzOWU2NWM3YWFi/HNWSZGST.m3u8, IPv_Type: ipv4, Location: 美国, ISP: , Date: None, Delay: 1258 ms, Speed: 1.71 M/s, Resolution: 3840x2160
Name: 湖南卫视, URL: http://hlsal-ldvt.qing.mgtv.com/nn_live/nn_x64/dWlwPTEyNy4wLjAuMSZ1aWQ9cWluZy1jbXMmbm5fdGltZXpvbmU9OCZjZG5leF9pZD1hbF9obHNfbGR2dCZ1dWlkPTliODY4NmU5ZTM2YzYwMmMmZT02OTE0NjA0JnY9MSZpZD1ITldTWkdTVCZzPTcwN2RiYTc2YzJjNmJmMTQ4MmUyZGYzOWU2NWM3YWFi/HNWSZGST.m3u8, IPv_Type: ipv4, Location: 美国, ISP: , Date: None, Delay: 3660 ms, Speed: 0.68 M/s, Resolution: 3840x2160
Name: 东方卫视, URL: http://bp-resource-dfl.bestv.cn/155/3/video.m3u8, IPv_Type: ipv4, Location: 中国-山东, ISP: 移动, Date: None, Delay: 2678 ms, Speed: 0.76 M/s, Resolution: 1920x1080
Name: 东方卫视, URL: http://bp-resource-dfl.bestv.cn/148/3/video.m3u8, IPv_Type: ipv4, Location: 中国-山东, ISP: 移动, Date: None, Delay: 2179 ms, Speed: 0.73 M/s, Resolution: 1920x1080
Name: 东南卫视, URL: http://live.zohi.tv/video/s10001-fztv-3/index.m3u8, IPv_Type: ipv6, Location: 中国, ISP: 中国电信, Date: None, Delay: 1278 ms, Speed: 0.27 M/s, Resolution: 1920x1080
Name: 贵州卫视, URL: https://live.264788.xyz/channel/guizhouweishi?streamid=091bd59ea031989839c23459bb8cc9d4&livekey=01WgOR41rriMmMkzNsd0UoaxJRwetZdxIvtVk, IPv_Type: ipv4, Location: 美国, ISP: CloudFlare节点, Date: None, Delay: 54 ms, Speed: 102.50 M/s, Resolution: 1920x1080
Name: 河南卫视, URL: http://111.59.139.82:11888/tsfile/live/0139_1.m3u8?key=txiptv&playlive=1&authid=0, IPv_Type: ipv4, Location: 中国-广西, ISP: 移动, Date: None, Delay: 5029 ms, Speed: 0.29 M/s, Resolution: 720x576
Name: 江西卫视, URL: https://live.264788.xyz/channel/jiangxiweishi?streamid=555198f31caa33506ac6abb70d788959&livekey=01WgOR41rriMmMkzNsd0UoaxJRwetZdxIvtVk, IPv_Type: ipv4, Location: 美国, ISP: CloudFlare节点, Date: None, Delay: 60 ms, Speed: 93.24 M/s, Resolution: 1920x1080
Name: 江西卫视, URL: http://112.27.5.218:9901/tsfile/live/faacts/0138_1.m3u8?key=txiptv&playlive=1&authid=0, IPv_Type: ipv4, Location: 中国-安徽, ISP: 移动, Date: None, Delay: 5465 ms, Speed: 0.66 M/s, Resolution: 1920x1080
Name: 内蒙古卫视, URL: https://live.264788.xyz/channel/neimengguweishi?streamid=81a015dbecf3031d7d847b7a9b059f67&livekey=01WgOR41rriMmMkzNsd0UoaxJRwetZdxIvtVk, IPv_Type: ipv4, Location: 美国, ISP: CloudFlare节点, Date: None, Delay: 62 ms, Speed: 83.88 M/s, Resolution: 1920x1080
Name: 内蒙古卫视, URL: https://live.264788.xyz/channel/neimengguweishi?streamid=3e7340acf8869ac1c7dad1bb836dcd35&livekey=01WgOR41rriMmMkzNsd0UoaxJRwetZdxIvtVk, IPv_Type: ipv4, Location: 美国, ISP: CloudFlare节点, Date: None, Delay: 88 ms, Speed: 59.99 M/s, Resolution: 1920x1080
Name: 内蒙古卫视, URL: http://play1-qk.nmtv.cn/live/1769652018126032.m3u8, IPv_Type: ipv4, Location: 中国-北京-北京, ISP: 腾讯云, Date: None, Delay: 2351 ms, Speed: 1.12 M/s, Resolution: 1920x1080
Name: 宁夏卫视, URL: https://live.264788.xyz/channel/ningxiaweishi?streamid=1b2952717a920173e66d4a348f9dcb5c&livekey=01WgOR41rriMmMkzNsd0UoaxJRwetZdxIvtVk, IPv_Type: ipv4, Location: 美国, ISP: CloudFlare节点, Date: None, Delay: 53 ms, Speed: 94.36 M/s, Resolution: 1920x1080
Name: 宁夏卫视, URL: https://live.264788.xyz/channel/ningxiaweishi?streamid=551474d02bee1c160e1692e22c45ddba&livekey=01WgOR41rriMmMkzNsd0UoaxJRwetZdxIvtVk, IPv_Type: ipv4, Location: 美国, ISP: CloudFlare节点, Date: None, Delay: 59 ms, Speed: 90.40 M/s, Resolution: 1920x1080
Name: 宁夏卫视, URL: https://live.264788.xyz/channel/ningxiaweishi?streamid=e1236348f815c36a0429357e5b5c5f10&livekey=01WgOR41rriMmMkzNsd0UoaxJRwetZdxIvtVk, IPv_Type: ipv4, Location: 美国, ISP: CloudFlare节点, Date: None, Delay: 58 ms, Speed: 90.17 M/s, Resolution: 1920x1080
Name: 青海卫视, URL: https://hls-qhmh.lanzhousobey.cn/qhmh/mhds.m3u8, IPv_Type: ipv6, Location: 中国, ISP: , Date: None, Delay: 2754 ms, Speed: 0.70 M/s, Resolution: 1920x1080
Name: 山西卫视, URL: https://live.264788.xyz/channel/shanxiweishi?streamid=eeb7d60ca6e0db131ea7a092a3cd28d2&livekey=01WgOR41rriMmMkzNsd0UoaxJRwetZdxIvtVk, IPv_Type: ipv4, Location: 美国, ISP: CloudFlare节点, Date: None, Delay: 61 ms, Speed: 90.40 M/s, Resolution: 1920x1080
Name: 山西卫视, URL: https://live.264788.xyz/channel/shanxiweishi?streamid=69e002ac7467d661ff7ad0671ed43f16&livekey=01WgOR41rriMmMkzNsd0UoaxJRwetZdxIvtVk, IPv_Type: ipv4, Location: 美国, ISP: CloudFlare节点, Date: None, Delay: 62 ms, Speed: 88.63 M/s, Resolution: 1920x1080
Name: 山西卫视, URL: http://119.39.9.8:9901/tsfile/live/0118_1.m3u8, IPv_Type: ipv4, Location: 中国-湖南-长沙, ISP: 联通, Date: None, Delay: 5642 ms, Speed: 0.21 M/s, Resolution: 1920x1080
Name: 陕西卫视, URL: https://live.264788.xyz/channel/shaanxiweishi?streamid=9dc887dba8ecb4e4143baf4f2373800c&livekey=01WgOR41rriMmMkzNsd0UoaxJRwetZdxIvtVk, IPv_Type: ipv4, Location: 美国, ISP: CloudFlare节点, Date: None, Delay: 68 ms, Speed: 74.92 M/s, Resolution: 1920x1080
Name: 四川卫视, URL: https://live.264788.xyz/channel/sichuanweishi4k?streamid=21be5901ee81559c827dc84e46f26452&livekey=01WgOR41rriMmMkzNsd0UoaxJRwetZdxIvtVk, IPv_Type: ipv4, Location: 美国, ISP: CloudFlare节点, Date: None, Delay: 56 ms, Speed: 91.69 M/s, Resolution: 1920x1080
Name: 四川卫视, URL: https://live.264788.xyz/channel/sichuanweishi4k?streamid=401bf692a1a8b91298f26077d53316d6&livekey=01WgOR41rriMmMkzNsd0UoaxJRwetZdxIvtVk, IPv_Type: ipv4, Location: 美国, ISP: CloudFlare节点, Date: None, Delay: 137 ms, Speed: 41.37 M/s, Resolution: 1920x1080
Name: 深圳卫视, URL: http://38.64.72.148:80/hls/modn/list/4007/playlist.m3u8, IPv_Type: ipv4, Location: 美国-加利福尼亚州-洛杉矶, ISP: Cogent, Date: None, Delay: 1407 ms, Speed: 2.21 M/s, Resolution: None
Name: 西藏卫视, URL: https://live.264788.xyz/channel/xizangweishi?streamid=4b4e8ea919f1cfd5e43deed1d1675251&livekey=01WgOR41rriMmMkzNsd0UoaxJRwetZdxIvtVk, IPv_Type: ipv4, Location: 美国, ISP: CloudFlare节点, Date: None, Delay: 76 ms, Speed: 73.26 M/s, Resolution: 1920x1080
Name: 西藏卫视, URL: http://112.27.5.218:9901/tsfile/live/0111_1.m3u8?key=txiptv&playlive=1&authid=0, IPv_Type: ipv4, Location: 中国-安徽, ISP: 移动, Date: None, Delay: 5441 ms, Speed: 0.83 M/s, Resolution: 720x576
Name: 新疆卫视, URL: https://live.264788.xyz/channel/xinjiangweishi?streamid=4f481f56ae39ce5d24203471de9df635&livekey=01WgOR41rriMmMkzNsd0UoaxJRwetZdxIvtVk, IPv_Type: ipv4, Location: 美国, ISP: CloudFlare节点, Date: None, Delay: 60 ms, Speed: 88.16 M/s, Resolution: 1920x1080
Name: 新疆卫视, URL: http://218.84.12.186:8001/hls/main/playlist.m3u8?zxinjd;http://218.84.12.186:8001/hls/main/playlist.m3u8zxinjd, IPv_Type: ipv4, Location: 中国-新疆-伊犁哈萨克自治州, ISP: 电信, Date: None, Delay: 3654 ms, Speed: 0.37 M/s, Resolution: 1920x1080
Name: 山东教育, URL: https://test1.live.sdetv.com.cn/live/dianshizhibo/playlist.m3u8, IPv_Type: ipv4, Location: 中国-贵州-贵阳, ISP: 移动, Date: None, Delay: 1870 ms, Speed: 0.33 M/s, Resolution: 1280x720
Name: 大湾区卫视, URL: http://222.128.55.152:9080/live/dwq.m3u8, IPv_Type: ipv4, Location: 中国-北京-北京, ISP: 联通, Date: None, Delay: 5652 ms, Speed: 0.87 M/s, Resolution: 1920x1080
Name: 广州综合, URL: http://tencentplay.gztv.com/live/zonghes.m3u8?txSecret=c8dbe86d6f86eb1a21999ab479fd5667&txTime=18d3c4690e8, IPv_Type: ipv4, Location: 中国-广东-东莞, ISP: 电信, Date: None, Delay: 1453 ms, Speed: 0.45 M/s, Resolution: 1280x720
Name: 广州综合, URL: https://tencentplay.gztv.com/live/zonghes.m3u8?txSecret=439b0fd2cf766b363c93a59cbcbe1370&txTime=18d00acf488, IPv_Type: ipv4, Location: 中国-广东-东莞, ISP: 电信, Date: None, Delay: 1766 ms, Speed: 0.44 M/s, Resolution: 1280x720
Name: 广州综合, URL: https://tencentplay.gztv.com/live/zonghes.m3u8?txSecret=f0147ae6453a80f5989f382368b72aad&txTime=18d00acf487, IPv_Type: ipv4, Location: 中国-广东-东莞, ISP: 电信, Date: None, Delay: 1852 ms, Speed: 0.41 M/s, Resolution: 1280x720
Name: 浙江钱江, URL: http://ali-m-l.cztv.com/channels/lantian/channel002/1080p.m3u8, IPv_Type: ipv4, Location: 中国-陕西, ISP: 移动, Date: None, Delay: 1717 ms, Speed: 0.98 M/s, Resolution: 1920x1080
Name: 浙江钱江, URL: https://ali-m-l.cztv.com/channels/lantian/channel002/1080p.m3u8, IPv_Type: ipv4, Location: 中国-陕西, ISP: 移动, Date: None, Delay: 1875 ms, Speed: 0.91 M/s, Resolution: 1920x1080
Name: 浙江钱江都市, URL: http://ali-xwl.cztv.com/live/channel021080Plxw.m3u8, IPv_Type: ipv6, Location: 新加坡, ISP: , Date: None, Delay: 2393 ms, Speed: 0.68 M/s, Resolution: 1920x1080
Name: 浙江钱江都市, URL: http://ali-xwl.cztv.com/live/channel02720Plxw.m3u8, IPv_Type: ipv6, Location: 新加坡, ISP: , Date: None, Delay: 2633 ms, Speed: 0.59 M/s, Resolution: 1280x720
Name: 浙江经济生活, URL: http://ali-m-l.cztv.com/channels/lantian/channel03/1080p.m3u8, IPv_Type: ipv4, Location: 中国-陕西, ISP: 移动, Date: None, Delay: 2022 ms, Speed: 1.36 M/s, Resolution: 1920x1080
Name: 浙江经济生活, URL: https://ali-m-l.cztv.com/channels/lantian/channel003/1080p.m3u8, IPv_Type: ipv4, Location: 中国-陕西, ISP: 移动, Date: None, Delay: 2124 ms, Speed: 0.95 M/s, Resolution: 1920x1080
Name: 浙江教育, URL: https://ali-m-l.cztv.com/channels/lantian/channel004/1080p.m3u8, IPv_Type: ipv4, Location: 中国-陕西, ISP: 移动, Date: None, Delay: 2140 ms, Speed: 0.93 M/s, Resolution: 1920x1080
Name: 浙江教育, URL: http://ali-m-l.cztv.com/channels/lantian/channel04/720p.m3u8, IPv_Type: ipv4, Location: 中国-陕西, ISP: 移动, Date: None, Delay: 1525 ms, Speed: 0.64 M/s, Resolution: 1280x720
Name: 浙江民生, URL: http://ali-m-l.cztv.com/channels/lantian/channel06/1080p.m3u8, IPv_Type: ipv4, Location: 中国-陕西, ISP: 移动, Date: None, Delay: 1890 ms, Speed: 1.24 M/s, Resolution: 1920x1080
Name: 浙江民生, URL: http://ali-m-l.cztv.com/channels/lantian/channel006/1080p.m3u8, IPv_Type: ipv4, Location: 中国-陕西, ISP: 移动, Date: None, Delay: 2036 ms, Speed: 1.04 M/s, Resolution: 1920x1080
Name: 浙江民生, URL: https://ali-m-l.cztv.com/channels/lantian/channel006/1080p.m3u8, IPv_Type: ipv4, Location: 中国-陕西, ISP: 移动, Date: None, Delay: 2074 ms, Speed: 0.97 M/s, Resolution: 1920x1080
Name: 浙江民生, URL: http://ali-m-l.cztv.com/channels/lantian/channel06/720p.m3u8, IPv_Type: ipv4, Location: 中国-陕西, ISP: 移动, Date: None, Delay: 1761 ms, Speed: 0.92 M/s, Resolution: 1280x720
Name: 浙江新闻, URL: https://ali-m-l.cztv.com/channels/lantian/channel007/1080p.m3u8, IPv_Type: ipv4, Location: 中国-陕西, ISP: 移动, Date: None, Delay: 2044 ms, Speed: 0.91 M/s, Resolution: 1920x1080
Name: 浙江新闻, URL: http://ali-m-l.cztv.com/channels/lantian/channel07/720p.m3u8, IPv_Type: ipv4, Location: 中国-陕西, ISP: 移动, Date: None, Delay: 1590 ms, Speed: 0.89 M/s, Resolution: 1280x720
Name: 浙江新闻, URL: http://ali-m-l.cztv.com/channels/lantian/channel007/720p.m3u8, IPv_Type: ipv4, Location: 中国-陕西, ISP: 移动, Date: None, Delay: 1575 ms, Speed: 0.75 M/s, Resolution: 1280x720
Name: 浙江少儿, URL: https://ali-m-l.cztv.com/channels/lantian/channel008/1080p.m3u8, IPv_Type: ipv4, Location: 中国-陕西, ISP: 移动, Date: None, Delay: 2053 ms, Speed: 0.94 M/s, Resolution: 1920x1080
Name: 浙江少儿, URL: http://ali-m-l.cztv.com/channels/lantian/channel008/1080p.m3u8, IPv_Type: ipv4, Location: 中国-陕西, ISP: 移动, Date: None, Delay: 2202 ms, Speed: 0.91 M/s, Resolution: 1920x1080
Name: 浙江教科, URL: http://ali-m-l.cztv.com/channels/lantian/channel004/1080p.m3u8, IPv_Type: ipv4, Location: 中国-陕西, ISP: 移动, Date: None, Delay: 2000 ms, Speed: 0.92 M/s, Resolution: 1920x1080
Name: 浙江经济, URL: http://ali-m-l.cztv.com/channels/lantian/channel003/1080p.m3u8, IPv_Type: ipv4, Location: 中国-陕西, ISP: 移动, Date: None, Delay: 2050 ms, Speed: 0.96 M/s, Resolution: 1920x1080
Name: 浙江经济, URL: http://ali-m-l.cztv.com/channels/lantian/channel03/720p.m3u8, IPv_Type: ipv4, Location: 中国-陕西, ISP: 移动, Date: None, Delay: 1695 ms, Speed: 0.76 M/s, Resolution: 1280x720
Name: 之江纪录, URL: https://ali-m-l.cztv.com/channels/lantian/channel12/720p.m3u8, IPv_Type: ipv4, Location: 中国-陕西, ISP: 移动, Date: None, Delay: 2512 ms, Speed: 1.04 M/s, Resolution: 1280x720
Name: 之江纪录, URL: http://ali-m-l.cztv.com/channels/lantian/channel012/1080p.m3u8, IPv_Type: ipv4, Location: 中国-陕西, ISP: 移动, Date: None, Delay: 2190 ms, Speed: 0.90 M/s, Resolution: 1920x1080
Name: 之江纪录, URL: https://ali-m-l.cztv.com/channels/lantian/channel012/1080p.m3u8, IPv_Type: ipv4, Location: 中国-陕西, ISP: 移动, Date: None, Delay: 2088 ms, Speed: 0.90 M/s, Resolution: 1920x1080
Name: 浙江国际, URL: http://ali-m-l.cztv.com/channels/lantian/channel010/1080p.m3u8, IPv_Type: ipv4, Location: 中国-陕西, ISP: 移动, Date: None, Delay: 1735 ms, Speed: 0.89 M/s, Resolution: 1920x1080
Name: 浙江国际, URL: https://ali-m-l.cztv.com/channels/lantian/channel010/1080p.m3u8, IPv_Type: ipv4, Location: 中国-陕西, ISP: 移动, Date: None, Delay: 1781 ms, Speed: 0.86 M/s, Resolution: 1920x1080
Name: 浙江国际, URL: http://ali-m-l.cztv.com/channels/lantian/channel010/720p.m3u8, IPv_Type: ipv4, Location: 中国-陕西, ISP: 移动, Date: None, Delay: 1395 ms, Speed: 0.68 M/s, Resolution: 1280x720
Name: 嘉兴新闻综合, URL: http://live.zohi.tv/video/s10001-fztv-1/index.m3u8, IPv_Type: ipv6, Location: 中国, ISP: 中国电信, Date: None, Delay: 2784 ms, Speed: 1.70 M/s, Resolution: 1920x1080
Name: 嘉兴新闻综合, URL: http://tvfile.jyrmt.cn:80/nmip-media/channellive/channel104452/playlist.m3u8, IPv_Type: ipv4, Location: 中国-四川, ISP: 广电网, Date: None, Delay: 4264 ms, Speed: 0.52 M/s, Resolution: None
Name: 湖州文化娱乐, URL: http://hzcm-live.media.hugd.com/613c47f0ab0d4eaa98b21378d0db6ded/0051d31c9dd543a7825eea4e49675b2a.m3u8?auth_key=2277598059-0a5ebfa1c0dc4671b42a60810fc37039-0-fa625b7d1feab612062453c12e3c8887, IPv_Type: ipv4, Location: 中国-辽宁-沈阳, ISP: 联通, Date: None, Delay: 5590 ms, Speed: 0.26 M/s, Resolution: 1280x720
Name: 浙江经视, URL: http://ali-m-l.cztv.com/channels/lantian/channel003/720p.m3u8, IPv_Type: ipv4, Location: 中国-陕西, ISP: 移动, Date: None, Delay: 2059 ms, Speed: 0.86 M/s, Resolution: 1280x720
Name: 浙江数码时代, URL: http://ali-m-l.cztv.com/channels/lantian/channel12/720p.m3u8?zzhed, IPv_Type: ipv4, Location: 中国-陕西, ISP: 移动, Date: None, Delay: 1917 ms, Speed: 1.19 M/s, Resolution: 1280x720
Name: 浙江数码时代, URL: http://ali-m-l.cztv.com/channels/lantian/channel12/720p.m3u8, IPv_Type: ipv4, Location: 中国-陕西, ISP: 移动, Date: None, Delay: 1959 ms, Speed: 1.18 M/s, Resolution: 1280x720
Name: 浙江教科影视, URL: http://ali-m-l.cztv.com/channels/lantian/channel04/1080p.m3u8, IPv_Type: ipv4, Location: 中国-陕西, ISP: 移动, Date: None, Delay: 1595 ms, Speed: 0.78 M/s, Resolution: 1920x1080
Name: 浙江公共新闻, URL: http://ali-m-l.cztv.com/channels/lantian/channel07/1080p.m3u8, IPv_Type: ipv4, Location: 中国-陕西, ISP: 移动, Date: None, Delay: 2300 ms, Speed: 1.38 M/s, Resolution: 1920x1080
Name: 浙江公共新闻, URL: http://ali-m-l.cztv.com/channels/lantian/channel007/1080p.m3u8, IPv_Type: ipv4, Location: 中国-陕西, ISP: 移动, Date: None, Delay: 1747 ms, Speed: 0.97 M/s, Resolution: 1920x1080
Name: 浙江休闲台, URL: http://ali-m-l.cztv.com/channels/lantian/channel006/720p.m3u8, IPv_Type: ipv4, Location: 中国-陕西, ISP: 移动, Date: None, Delay: 1732 ms, Speed: 0.84 M/s, Resolution: 1280x720
Name: 诸暨新闻综合, URL: https://l.cztvcloud.com/channels/lantian/SXzhuji3/720p.m3u8, IPv_Type: ipv4, Location: 中国-江苏-南通, ISP: 电信, Date: None, Delay: 5886 ms, Speed: 0.21 M/s, Resolution: None
Name: 象山综合, URL: http://play-sh13.quklive.com/live/1702360350551252.m3u8?auth_key=2037107484-800189c57a5a44d3b823b60cf84f6756-0-a6f6828a62d5c167cff5e68735fa0d39, IPv_Type: ipv4, Location: 美国, ISP: , Date: None, Delay: 975 ms, Speed: 1.61 M/s, Resolution: 1920x1080
Name: 衢江新闻综合, URL: http://l.cztvcloud.com/channels/lantian/SXqujiang1/720p.m3u8?zzhed, IPv_Type: ipv4, Location: 中国-江苏-南通, ISP: 电信, Date: None, Delay: 5232 ms, Speed: 0.24 M/s, Resolution: None
Name: 绍兴电视台公共, URL: http://live.shaoxing.com.cn/video/s10001-sxtv2/index.m3u8?%E5%85%B3%E6%B3%A8%E5%BE%AE%E4%BF%A1%E5%85%AC%E4%BC%97%E5%8F%B7[%E6%99%B4%E5%9B%AD], IPv_Type: ipv4, Location: 中国-浙江-绍兴, ISP: 电信, Date: None, Delay: 3098 ms, Speed: 0.24 M/s, Resolution: 1280x720
Name: 绍兴公共, URL: http://live.shaoxing.com.cn/video/s10001-sxtv2/index.m3u8, IPv_Type: ipv4, Location: 中国-浙江-绍兴, ISP: 电信, Date: None, Delay: 3322 ms, Speed: 0.23 M/s, Resolution: 1280x720
Name: 海宁新闻综合, URL: https://p2hs.vzan.com/slowlive/317913155078575177/live.m3u8, IPv_Type: ipv4, Location: 中国-广东-东莞, ISP: 鹏博士BGP, Date: None, Delay: 1398 ms, Speed: 0.46 M/s, Resolution: 1280x720
Name: 永嘉新闻综合, URL: http://l.cztvcloud.com/channels/lantian/SXyongjia1/720p.m3u8, IPv_Type: ipv4, Location: 中国-江苏-南通, ISP: 电信, Date: None, Delay: 5129 ms, Speed: 0.40 M/s, Resolution: None
Name: 新昌生活, URL: http://l.cztvcloud.com/channels/lantian/SXxinchang2/720p.m3u8, IPv_Type: ipv4, Location: 中国-江苏-南通, ISP: 电信, Date: None, Delay: 5152 ms, Speed: 0.25 M/s, Resolution: None
Name: 中国蓝新闻, URL: http://ali-m-l.cztv.com/channels/lantian/channel009/1080p.m3u8, IPv_Type: ipv4, Location: 中国-陕西, ISP: 移动, Date: None, Delay: 1648 ms, Speed: 0.22 M/s, Resolution: 1920x1080
Name: 北京新闻, URL: https://satellitepull.cnr.cn/live/wxbjxwgb/playlist.m3u8, IPv_Type: ipv4, Location: 美国-华盛顿州-金, ISP: 网宿CDN西雅图节点, Date: None, Delay: 173 ms, Speed: 0.67 M/s, Resolution: None
Name: 上海第一财经, URL: https://satellitepull.cnr.cn/live/wx32dycjgb/playlist.m3u8, IPv_Type: ipv4, Location: 美国-华盛顿州-金, ISP: 网宿CDN西雅图节点, Date: None, Delay: 159 ms, Speed: 0.68 M/s, Resolution: None
Name: 新闻综合, URL: https://m3u8channel.yunxya.com/nmip-media/channellive/channel100028/playlist.m3u8, IPv_Type: ipv4, Location: 中国-广东-东莞, ISP: 电信, Date: None, Delay: 2072 ms, Speed: 0.63 M/s, Resolution: 1920x1080
Name: 第一财经, URL: http://satellitepull.cnr.cn/live/wx32dycjgb/playlist.m3u8, IPv_Type: ipv4, Location: 美国-华盛顿州-金, ISP: 网宿CDN西雅图节点, Date: None, Delay: 130 ms, Speed: 0.75 M/s, Resolution: None
Name: 都市剧场, URL: https://satellitepull.cnr.cn/live/wxcqxwgb/playlist.m3u8, IPv_Type: ipv4, Location: 美国-华盛顿州-金, ISP: 网宿CDN西雅图节点, Date: None, Delay: 183 ms, Speed: 0.61 M/s, Resolution: None
Name: 璧山综合, URL: http://222.179.42.129:8181/hls1.m3u8, IPv_Type: ipv4, Location: 中国-重庆-重庆, ISP: 电信, Date: None, Delay: 5279 ms, Speed: 0.45 M/s, Resolution: 1920x1080
Name: 铜梁综合, URL: http://183.64.174.171:40123/ch1.m3u8?zzhongqd, IPv_Type: ipv4, Location: 中国-重庆-重庆, ISP: 电信, Date: None, Delay: 5745 ms, Speed: 0.24 M/s, Resolution: 720x576
Name: 南京教科, URL: http://nklive.nbs.cn/hls/75b3c462-b831-4de7-a34b-5d3221db2069/index.m3u8, IPv_Type: ipv6, Location: 中国, ISP: , Date: None, Delay: 1267 ms, Speed: 0.46 M/s, Resolution: 1280x720
Name: 南京新闻综合, URL: http://nklive.nbs.cn/hls/d511bc9d-a694-4453-b3a2-4fc842cc97a1/index.m3u8, IPv_Type: ipv6, Location: 中国, ISP: , Date: None, Delay: 1276 ms, Speed: 0.57 M/s, Resolution: 1280x720
Name: 苏州文化生活, URL: https://live-auth.51kandianshi.com/szgd/csztv3.m3u8, IPv_Type: ipv4, Location: 日本, ISP: , Date: None, Delay: 1182 ms, Speed: 0.31 M/s, Resolution: 1280x720
Name: 苏州新闻综合, URL: https://live-auth.51kandianshi.com/szgd/csztv1.m3u8, IPv_Type: ipv4, Location: 日本, ISP: , Date: None, Delay: 1084 ms, Speed: 0.98 M/s, Resolution: 1920x1080
Name: 苏州生活资讯, URL: https://live-auth.51kandianshi.com/szgd/csztv5.m3u8, IPv_Type: ipv4, Location: 日本, ISP: , Date: None, Delay: 1072 ms, Speed: 0.39 M/s, Resolution: 1280x720
Name: 苏州社会经济, URL: https://live-auth.51kandianshi.com/szgd/csztv2.m3u8, IPv_Type: ipv4, Location: 日本, ISP: , Date: None, Delay: 1084 ms, Speed: 1.83 M/s, Resolution: 1920x1080
Name: 镇江二套社会民生, URL: http://zjtv-wshls.homecdn.com/live/2aa16.m3u8, IPv_Type: ipv4, Location: 中国-北京-北京, ISP: 歌华有线, Date: None, Delay: 1749 ms, Speed: 0.64 M/s, Resolution: 1920x1080
Name: 湖南都市, URL: http://php.jdshipin.com:8880/iptv.php, IPv_Type: ipv6, Location: 美国, ISP: CloudFlare Inc., Date: None, Delay: 380 ms, Speed: 7.96 M/s, Resolution: 1280x720
Name: 江夏新闻综合, URL: http://59.175.226.142:280/gb28181/xwzh.m3u8?zhubd, IPv_Type: ipv4, Location: 中国-湖北-武汉, ISP: 电信, Date: None, Delay: 4206 ms, Speed: 0.40 M/s, Resolution: 720x576
Name: 荆门新闻综合, URL: http://stream.jmtv.com.cn/xwzh/sd/live.m3u8, IPv_Type: ipv6, Location: 中国, ISP: 中国电信, Date: None, Delay: 2529 ms, Speed: 0.42 M/s, Resolution: 1920x1080
Name: 荆门新闻综合, URL: https://stream.jmtv.com.cn/xwzh/playlist.m3u8?_upt=3e28e7271664278691, IPv_Type: ipv6, Location: 中国, ISP: 中国电信, Date: None, Delay: 2520 ms, Speed: 0.39 M/s, Resolution: None
Name: 南宁都市生活, URL: http://615bbf179ba53515dccad7b1da5d1ad9.livehwc3.cn/hls.nntv.cn/nnlive/WLSH_24.m3u8?sub_m3u8=true&edge_slice=true&user_session_id=2598844eaee8a4265e706fc14b3fc11d, IPv_Type: ipv6, Location: 中国, ISP: 中国电信, Date: None, Delay: 1761 ms, Speed: 0.59 M/s, Resolution: 1280x720
Name: 来宾综合, URL: http://zb.gxlbamc.com:1935/live/lbzh.stream/playlist.m3u8, IPv_Type: ipv4, Location: 中国-广西, ISP: 移动, Date: None, Delay: 5408 ms, Speed: 0.32 M/s, Resolution: 1920x1080
Name: 广西国际, URL: https://hlscdn.liangtv.cn/live/0234c48e0bc24fe1b41b9999a253e581/1075ee38e04f490690f6a36a16e09c79.m3u8, IPv_Type: ipv6, Location: 加拿大, ISP: , Date: None, Delay: 1078 ms, Speed: 1.96 M/s, Resolution: 1920x1080
Name: 南宁影视娱乐, URL: http://hls.nntv.cn/nnlive/YSYL_244.m3u8, IPv_Type: ipv4, Location: 中国-江苏-扬州, ISP: 电信, Date: None, Delay: 1100 ms, Speed: 0.32 M/s, Resolution: 1280x720
Name: 乐至综合, URL: http://175.155.106.72:89/live1/live1.m3u8?zsicd, IPv_Type: ipv4, Location: 中国-四川-德阳, ISP: 联通, Date: None, Delay: 2645 ms, Speed: 0.82 M/s, Resolution: 1920x1080
Name: 井研综合, URL: http://tvfile.jyrmt.cn/nmip-media/channellive/channel104452/playlist.m3u8, IPv_Type: ipv4, Location: 中国-四川, ISP: 广电网, Date: None, Delay: 2970 ms, Speed: 0.59 M/s, Resolution: 1920x1080
Name: 名山综合, URL: https://m3u8channel-bx.yunxya.com/nmip-media/channellive/channel104666/playlist.m3u8, IPv_Type: ipv4, Location: 中国-广东-东莞, ISP: 电信, Date: None, Delay: 2490 ms, Speed: 0.60 M/s, Resolution: 1920x1080
Name: 四川科教, URL: http://182.150.115.21:8030/pcgacg/pcgacg_0.m3u8, IPv_Type: ipv4, Location: 中国-四川-成都, ISP: 电信, Date: None, Delay: 2718 ms, Speed: 0.71 M/s, Resolution: 1920x1080
Name: 泸县新闻综合, URL: https://m3u8channel.ganzitv.com/nmip-media/channellive/channel1/playlist.m3u8, IPv_Type: ipv6, Location: 中国, ISP: 中国电信, Date: None, Delay: 2300 ms, Speed: 0.70 M/s, Resolution: 1280x720
Name: 荥经综合, URL: https://m3u8channel-yj.yunxya.com/nmip-media/channellive/channel101140/playlist.m3u8, IPv_Type: ipv4, Location: 中国-广东-东莞, ISP: 电信, Date: None, Delay: 2025 ms, Speed: 0.78 M/s, Resolution: 1920x1080
Name: 营山电视台, URL: http://file.ysxtv.cn/cms/videos/nmip-media/channellive/channel4/playlist.m3u8?zsicd#http://file.ysxtv.cn/cms/videos/nmip-media/channellive/channel4/playlist.m3u8, IPv_Type: ipv6, Location: 中国, ISP: 中国电信, Date: None, Delay: 5091 ms, Speed: 0.24 M/s, Resolution: 1280x720
Name: 雅安新闻综合, URL: https://play.yunxya.com/channellive/xinwen.m3u8, IPv_Type: ipv4, Location: 中国-山东-济南, ISP: 电信, Date: None, Delay: 2269 ms, Speed: 0.79 M/s, Resolution: None
Name: 青川综合, URL: http://qcfile.qcrmt.com/nmip-media/channellive/channel100933/playlist.m3u8, IPv_Type: ipv4, Location: 中国-四川, ISP: 广电网, Date: None, Delay: 3992 ms, Speed: 0.46 M/s, Resolution: 1920x1080
Name: 云霄综合, URL: https://live.zzyxxw.com:2443/live/xwzh.m3u8, IPv_Type: ipv6, Location: 中国, ISP: 中国电信, Date: None, Delay: 4216 ms, Speed: 0.74 M/s, Resolution: None
Name: 晋江电视台, URL: http://stream.jinjiang.tv/1/sd/live.m3u8?zfud, IPv_Type: ipv4, Location: 中国-福建-泉州, ISP: 电信, Date: None, Delay: 3820 ms, Speed: 0.46 M/s, Resolution: 1280x720
Name: 福州少儿, URL: http://live.zohi.tv/video/s10001-fztv-4/index.m3u8, IPv_Type: ipv6, Location: 中国, ISP: 中国电信, Date: None, Delay: 1966 ms, Speed: 0.23 M/s, Resolution: 1920x1080
Name: 福州生活, URL: http://live.zohi.tv:80/video/s10001-fztv-3/index.m3u8, IPv_Type: ipv6, Location: 中国, ISP: 中国电信, Date: None, Delay: 2381 ms, Speed: 0.21 M/s, Resolution: 1920x1080
Name: 福建新闻, URL: http://satellitepull.cnr.cn/live/wx32fjxwgb/playlist.m3u8, IPv_Type: ipv4, Location: 美国-华盛顿州-金, ISP: 网宿CDN西雅图节点, Date: None, Delay: 129 ms, Speed: 0.74 M/s, Resolution: None
Name: 福建经济, URL: http://satellitepull.cnr.cn/live/wx32fjdnjjgb/playlist.m3u8, IPv_Type: ipv4, Location: 美国-华盛顿州-金, ISP: 网宿CDN西雅图节点, Date: None, Delay: 126 ms, Speed: 0.78 M/s, Resolution: None
Name: 福建公共, URL: https://live.264788.xyz/channel/fujianxiangcungonggong?streamid=1cf7fc3a8f6d160c33b43c2f9507a0cc&livekey=01WgOR41rriMmMkzNsd0UoaxJRwetZdxIvtVk, IPv_Type: ipv4, Location: 美国, ISP: CloudFlare节点, Date: None, Delay: 56 ms, Speed: 92.11 M/s, Resolution: 1920x1080
Name: 福建旅游, URL: https://live.264788.xyz/channel/fujianlvyou?streamid=8f26765ebf367079cef58c6b7752da1e&livekey=01WgOR41rriMmMkzNsd0UoaxJRwetZdxIvtVk, IPv_Type: ipv4, Location: 美国, ISP: CloudFlare节点, Date: None, Delay: 56 ms, Speed: 95.86 M/s, Resolution: 1920x1080
Name: 福建旅游, URL: https://live.264788.xyz/channel/fujianlvyou?streamid=599c11c8b284751261b165f4d5765b36&livekey=01WgOR41rriMmMkzNsd0UoaxJRwetZdxIvtVk, IPv_Type: ipv4, Location: 美国, ISP: CloudFlare节点, Date: None, Delay: 56 ms, Speed: 90.22 M/s, Resolution: 1920x1080
Name: 福建旅游, URL: https://live.264788.xyz/channel/fujianlvyou?streamid=221239fcf3c7edb274f2f0760fe47f96&livekey=01WgOR41rriMmMkzNsd0UoaxJRwetZdxIvtVk, IPv_Type: ipv4, Location: 美国, ISP: CloudFlare节点, Date: None, Delay: 60 ms, Speed: 73.37 M/s, Resolution: 1920x1080
Name: 福建旅游, URL: https://live.264788.xyz/channel/fujianlvyou?streamid=fc58882de71ce4575b66002f2475226b&livekey=01WgOR41rriMmMkzNsd0UoaxJRwetZdxIvtVk, IPv_Type: ipv4, Location: 美国, ISP: CloudFlare节点, Date: None, Delay: 108 ms, Speed: 53.88 M/s, Resolution: 1920x1080
Name: 福建海峡卫视, URL: http://38.64.72.148:80/hls/modn/list/4009/chunklist0.m3u8, IPv_Type: ipv4, Location: 美国-加利福尼亚州-洛杉矶, ISP: Cogent, Date: None, Delay: 1210 ms, Speed: 1.83 M/s, Resolution: 1920x1080
Name: 福建海峡卫视, URL: http://38.64.72.148:80/hls/modn/list/4009/playlist.m3u8, IPv_Type: ipv4, Location: 美国-加利福尼亚州-洛杉矶, ISP: Cogent, Date: None, Delay: 1474 ms, Speed: 1.71 M/s, Resolution: None
Name: 福建海峡卫视, URL: http://38.64.72.148/hls/modn/list/4009/playlist.m3u8, IPv_Type: ipv4, Location: 美国-加利福尼亚州-洛杉矶, ISP: Cogent, Date: None, Delay: 1683 ms, Speed: 1.47 M/s, Resolution: None
Name: 梨园, URL: https://dxtx.hntv.tv/live/lypd.m3u8?txSecret=10c771842a0be59e8b575d765173ec96&txTime=7B923E0A&wsSecret=41543190cdf375f1c73207222bb96542&wsTime=1769313549, IPv_Type: ipv4, Location: 中国-河北-廊坊, ISP: 联通, Date: None, Delay: 2002 ms, Speed: 0.51 M/s, Resolution: 1920x1080
Name: 邢台综合, URL: https://jwplay.hebyun.com.cn:443/live/xtsrmtzs/1500k/tzwj_video.m3u8, IPv_Type: ipv6, Location: 中国, ISP: 中国联通, Date: None, Delay: 5460 ms, Speed: 0.41 M/s, Resolution: 1280x720
Name: 邢台综合, URL: http://jwplay.hebyun.com.cn/live/xtsrmtzs/1500k/tzwj_video.m3u8, IPv_Type: ipv6, Location: 中国, ISP: 中国联通, Date: None, Delay: 5612 ms, Speed: 0.38 M/s, Resolution: 1280x720
Name: 滦平新闻, URL: http://jwplay.hebyun.com.cn/live/LPTV001/1500k/tzwj_video.m3u8, IPv_Type: ipv6, Location: 中国, ISP: 中国联通, Date: None, Delay: 3309 ms, Speed: 0.73 M/s, Resolution: 1920x1080
Name: 河北农民, URL: https://jwcdnqx.hebyun.com.cn/live/clzhpd/1500k/tzwj_video.m3u8?zhebd, IPv_Type: ipv6, Location: 中国, ISP: 中国联通, Date: None, Delay: 2804 ms, Speed: 1.37 M/s, Resolution: 1280x720
Name: 昌黎综合, URL: https://jwcdnqx.hebyun.com.cn/live/clzhpd/1500k/tzwj_video.m3u8, IPv_Type: ipv6, Location: 中国, ISP: 中国联通, Date: None, Delay: 2870 ms, Speed: 1.27 M/s, Resolution: 1280x720
Name: 任丘综合, URL: https://jwcdnqx.hebyun.com.cn/live/rqtv1/1500k/tzwj_video.m3u8, IPv_Type: ipv6, Location: 中国, ISP: 中国联通, Date: None, Delay: 2584 ms, Speed: 0.92 M/s, Resolution: 1920x1080
Name: 兴隆综合, URL: https://jwcdnqx.hebyun.com.cn/live/xlzh/1500k/tzwj_video.m3u8, IPv_Type: ipv6, Location: 中国, ISP: 中国联通, Date: None, Delay: 3876 ms, Speed: 1.15 M/s, Resolution: 1920x1080
Name: 平泉综合, URL: https://jwcdnqx.hebyun.com.cn/live/pqzh/1500k/tzwj_video.m3u8, IPv_Type: ipv6, Location: 中国, ISP: 中国联通, Date: None, Delay: 2831 ms, Speed: 1.54 M/s, Resolution: 1280x720
Name: 清河经济综艺, URL: https://jwcdnqx.hebyun.com.cn/live/qinghe1/1500k/tzwj_video.m3u8, IPv_Type: ipv6, Location: 中国, ISP: 中国联通, Date: None, Delay: 2675 ms, Speed: 1.22 M/s, Resolution: None
Name: 甘肃经济, URL: https://satellitepull.cnr.cn/live/wxgshhzs/playlist.m3u8, IPv_Type: ipv4, Location: 美国-华盛顿州-金, ISP: 网宿CDN西雅图节点, Date: None, Delay: 171 ms, Speed: 0.61 M/s, Resolution: None
Name: 甘肃都市, URL: https://satellitepull.cnr.cn/live/wxgsdstb/playlist.m3u8, IPv_Type: ipv4, Location: 美国-华盛顿州-金, ISP: 网宿CDN西雅图节点, Date: None, Delay: 156 ms, Speed: 0.66 M/s, Resolution: None
Name: 嘉峪关综合, URL: http://play.kankanlive.com/live/1720583434627241.m3u8, IPv_Type: ipv4, Location: 中国-山东-济南, ISP: 移动, Date: None, Delay: 2200 ms, Speed: 0.83 M/s, Resolution: 1920x1080
Name: 天祝综合, URL: https://play.kankanlive.com/live/1656487214793905.m3u8, IPv_Type: ipv4, Location: 中国-山东-济南, ISP: 移动, Date: None, Delay: 2586 ms, Speed: 1.25 M/s, Resolution: None
Name: 张掖新闻综合, URL: https://play.kankanlive.com/live/1720583434627241.m3u8, IPv_Type: ipv4, Location: 中国-山东-济南, ISP: 移动, Date: None, Delay: 3104 ms, Speed: 0.74 M/s, Resolution: None
Name: 永昌综合, URL: https://play.kankanlive.com/live/1652755738635915.m3u8, IPv_Type: ipv4, Location: 中国-山东-济南, ISP: 移动, Date: None, Delay: 2382 ms, Speed: 0.45 M/s, Resolution: None
Name: 渭源新闻, URL: http://play.kankanlive.com/live/1720408280309109.m3u8, IPv_Type: ipv4, Location: 中国-山东-济南, ISP: 移动, Date: None, Delay: 2763 ms, Speed: 0.83 M/s, Resolution: 1920x1080
Name: 白银综合, URL: http://play.kankanlive.com/live/1720408089419110.m3u8, IPv_Type: ipv4, Location: 中国-山东-济南, ISP: 移动, Date: None, Delay: 2199 ms, Speed: 0.82 M/s, Resolution: 1920x1080
Name: 伊犁维吾尔, URL: http://110.153.180.106:55555/out_2/index.m3u8?zxinjd, IPv_Type: ipv4, Location: 中国-新疆-伊犁哈萨克自治州, ISP: 电信, Date: None, Delay: 5742 ms, Speed: 1.03 M/s, Resolution: None
Name: 伊犁维吾尔, URL: http://110.153.180.106:55555/out_2/index.m3u8, IPv_Type: ipv4, Location: 中国-新疆-伊犁哈萨克自治州, ISP: 电信, Date: None, Delay: 5683 ms, Speed: 1.02 M/s, Resolution: None
Name: 伊犁哈萨克, URL: http://110.153.180.106:55555/out_3/index.m3u8?zxinjd, IPv_Type: ipv4, Location: 中国-新疆-伊犁哈萨克自治州, ISP: 电信, Date: None, Delay: 5054 ms, Speed: 1.35 M/s, Resolution: None
Name: 伊犁哈萨克, URL: http://110.153.180.106:55555/out_3/index.m3u8, IPv_Type: ipv4, Location: 中国-新疆-伊犁哈萨克自治州, ISP: 电信, Date: None, Delay: 5145 ms, Speed: 1.17 M/s, Resolution: None
Name: 伊犁经济法制, URL: http://110.153.180.106:55555/out_4/index.m3u8, IPv_Type: ipv4, Location: 中国-新疆-伊犁哈萨克自治州, ISP: 电信, Date: None, Delay: 4916 ms, Speed: 1.92 M/s, Resolution: None
Name: 伊犁经济法制, URL: http://110.153.180.106:55555/out_4/index.m3u8?zxinjd, IPv_Type: ipv4, Location: 中国-新疆-伊犁哈萨克自治州, ISP: 电信, Date: None, Delay: 5563 ms, Speed: 1.63 M/s, Resolution: None
Name: 兵团五师双河新闻综合, URL: http://liveout.btzx.com.cn/62ds9e/4nxdih.m3u8?fbl=, IPv_Type: ipv4, Location: 中国-山东-济南, ISP: 电信, Date: None, Delay: 1992 ms, Speed: 0.27 M/s, Resolution: None
Name: 奎屯哈萨克语, URL: http://218.84.12.186:8002/hls/main/playlist.m3u8?zxinjd, IPv_Type: ipv4, Location: 中国-新疆-伊犁哈萨克自治州, ISP: 电信, Date: None, Delay: 3388 ms, Speed: 0.41 M/s, Resolution: 1920x1080
Name: 玛纳斯综合, URL: http://218.84.127.245:1026/hls/main1/playlist.m3u8?zxinjd,, IPv_Type: ipv4, Location: 中国-新疆-昌吉回族自治州, ISP: 电信, Date: None, Delay: 5483 ms, Speed: 0.30 M/s, Resolution: 1920x1080
Name: 可克达拉综合, URL: http://file.loulannews.cn/nmip-media/channellive/channel103824/playlist.m3u8, IPv_Type: ipv4, Location: 中国-新疆, ISP: 移动, Date: None, Delay: 2870 ms, Speed: 0.56 M/s, Resolution: 1920x1080
Name: 万荣综合, URL: http://60.222.246.220:19433/hls1.m3u8, IPv_Type: ipv4, Location: 中国-山西-运城, ISP: 联通, Date: None, Delay: 3525 ms, Speed: 0.35 M/s, Resolution: 720x404
Name: 太谷新闻综合, URL: https://p2.vzan.com/slowlive/596867413819827251/live.m3u8?zbid=1725814272&tpid=1516989100&type=0, IPv_Type: ipv4, Location: 日本, ISP: , Date: None, Delay: 1932 ms, Speed: 0.63 M/s, Resolution: 1024x768
Name: 太谷新闻综合, URL: https://p2.vzan.com/slowlive/596867413819827251/live.m3u8?zbid=1725814272&amp;amp;tpid=1516989100&amp;amp;type=0, IPv_Type: ipv4, Location: 日本, ISP: , Date: None, Delay: 1987 ms, Speed: 0.55 M/s, Resolution: 1024x768
Name: 平遥新闻综合, URL: https://tntgjhjb.live.sxmty.com/live/hls/3a4585ac11ec4e1bb07b419101b370c3/baf63e2b313440c2a25d7859f9b73b05-1.m3u8?zshanxd, IPv_Type: ipv4, Location: 中国-浙江-杭州, ISP: 华数, Date: None, Delay: 2844 ms, Speed: 0.75 M/s, Resolution: None
Name: 怀仁综合, URL: https://1yp7hc5p.live.sxmty.com/live/hls/bff8529922344209985b6e49baa9555a/efa2543628fc4a7ea93d3d6c975f77dc-1.m3u8, IPv_Type: ipv4, Location: 中国-北京-北京, ISP: 联通, Date: None, Delay: 2015 ms, Speed: 0.67 M/s, Resolution: 1920x1080
Name: 汾西综合, URL: https://qmmqvzoz.live.sxmty.com/live/hls/f24f8a390c084386a564074c9260100c/be3fdf07606145739ab2c4b80fe0136a.m3u8?zshanxd, IPv_Type: ipv4, Location: 中国-浙江-杭州, ISP: 华数, Date: None, Delay: 1789 ms, Speed: 0.58 M/s, Resolution: None
Name: 长子综合, URL: https://www.wxhcgbds.com:8081/channelTv/WXTV_1.m3u8?zshanxd, IPv_Type: ipv4, Location: 中国-山西-运城, ISP: 电信, Date: None, Delay: 5248 ms, Speed: 0.52 M/s, Resolution: None
Name: 安徽导视, URL: http://dspdhls.appcoo.com:8888/live/dspd/index.m3u8, IPv_Type: ipv4, Location: 中国-安徽, ISP: 移动, Date: None, Delay: 5614 ms, Speed: 0.57 M/s, Resolution: 1920x1080
Name: 固镇新闻, URL: http://www.guzhenm.com:7001/hls/hd-live.m3u8?%E5%85%B3%E6%B3%A8%E5%BE%AE%E4%BF%A1%E5%85%AC%E4%BC%97%E5%8F%B7[%E6%99%B4%E5%9B%AD], IPv_Type: ipv4, Location: 中国-安徽-蚌埠, ISP: 电信, Date: None, Delay: 1909 ms, Speed: 0.50 M/s, Resolution: 1920x1080
Name: 固镇新闻, URL: http://www.guzhenm.com:7001/hls/hd-live.m3u8, IPv_Type: ipv4, Location: 中国-安徽-蚌埠, ISP: 电信, Date: None, Delay: 1893 ms, Speed: 0.44 M/s, Resolution: 1920x1080
Name: 祁门综合, URL: http://zbbf2.ahbztv.com/live/416.m3u8?zanhd, IPv_Type: ipv6, Location: 加拿大, ISP: , Date: None, Delay: 342 ms, Speed: 2.25 M/s, Resolution: 1920x1080
Name: 广德生活, URL: https://live.gdtv.ah.cn/live/newsTV.m3u8, IPv_Type: ipv4, Location: 中国-山东-济南, ISP: 电信, Date: None, Delay: 1947 ms, Speed: 0.54 M/s, Resolution: 1920x1080
Name: 亳州农村, URL: http://zbbf2.ahbztv.com/live/418.m3u8, IPv_Type: ipv6, Location: 加拿大, ISP: , Date: None, Delay: 145 ms, Speed: 4.52 M/s, Resolution: 1920x1080
Name: 亳州农村, URL: http://zbbf2.ahbztv.com/live/418.m3u8?zanhd, IPv_Type: ipv6, Location: 加拿大, ISP: , Date: None, Delay: 306 ms, Speed: 2.05 M/s, Resolution: 1920x1080
Name: 延边卫视, URL: https://srs.iyb983.cn:443/video/CYS/index.m3u8, IPv_Type: ipv4, Location: 南非, ISP: , Date: None, Delay: 1088 ms, Speed: 2.60 M/s, Resolution: 1920x1080
Name: 延边卫视, URL: https://srs.iyb983.cn/video/CYS/index.m3u8, IPv_Type: ipv4, Location: 南非, ISP: , Date: None, Delay: 1193 ms, Speed: 2.51 M/s, Resolution: 1920x1080
Name: 吉林乡村, URL: https://satellitepull.cnr.cn/live/wxjlxcgb/playlist.m3u8, IPv_Type: ipv4, Location: 美国-华盛顿州-金, ISP: 网宿CDN西雅图节点, Date: None, Delay: 154 ms, Speed: 0.70 M/s, Resolution: None
Name: 德惠综合, URL: http://stream11.jlntv.cn/dehuitv/sd/live.m3u8, IPv_Type: ipv4, Location: 中国-江苏-南京, ISP: 电信, Date: None, Delay: 2400 ms, Speed: 0.29 M/s, Resolution: 720x576
Name: 九台综合, URL: http://stream10.jlntv.cn/jiutaitv/sd/live.m3u8, IPv_Type: ipv4, Location: 中国-江苏-南京, ISP: 电信, Date: None, Delay: 1482 ms, Speed: 0.32 M/s, Resolution: 720x576
Name: 长白朝语, URL: http://hplayer1.juyun.tv:80/camera/11344136.m3u8, IPv_Type: ipv6, Location: 中国, ISP: 中国联通, Date: None, Delay: 1010 ms, Speed: 0.24 M/s, Resolution: 720x576
Name: 舒兰新闻综合, URL: http://stream8.jlntv.cn/shulan/sd/live.m3u8?_upt=332db6421699196585, IPv_Type: ipv4, Location: 中国-江苏-南京, ISP: 电信, Date: None, Delay: 1605 ms, Speed: 0.33 M/s, Resolution: 720x576
Name: 辉南新闻综合, URL: http://stream5.jlntv.cn/hn/sd/live.m3u8, IPv_Type: ipv4, Location: 中国-江苏-南京, ISP: 电信, Date: None, Delay: 1431 ms, Speed: 0.33 M/s, Resolution: 720x576
Name: 易门综合, URL: https://zb-live.ynurl.com/yimen/3b75a2f9-7941-46b7-992d-a9796fbca5fe.m3u8, IPv_Type: ipv4, Location: 中国-广东-深圳, ISP: 联通, Date: None, Delay: 2251 ms, Speed: 0.57 M/s, Resolution: 1920x1080
Name: 通海电视台, URL: https://zb-live.ynurl.com/tonghai/3bfe3a9e-48e6-4c1e-8770-1df66447cc6c.m3u8, IPv_Type: ipv4, Location: 中国-广东-深圳, ISP: 联通, Date: None, Delay: 2550 ms, Speed: 0.69 M/s, Resolution: 1920x1080
Name: 云南都市, URL: https://hwapi.yntv.net/62hdvf/rjwt14.m3u8, IPv_Type: ipv4, Location: 中国-福建-福州, ISP: 电信, Date: None, Delay: 2409 ms, Speed: 0.24 M/s, Resolution: 1280x720
Name: 云南娱乐, URL: https://hwapi.yntv.net/62hdvf/q9vs1b.m3u8, IPv_Type: ipv4, Location: 中国-福建-福州, ISP: 电信, Date: None, Delay: 1974 ms, Speed: 0.33 M/s, Resolution: 1280x720
Name: 七台河新闻综合, URL: http://live.qthnews.org.cn:1935/live/live1/800k/tzwj_video.m3u8, IPv_Type: ipv4, Location: 中国-黑龙江-哈尔滨, ISP: 联通, Date: None, Delay: 2362 ms, Speed: 0.40 M/s, Resolution: None
Name: 经典电影, URL: https://txmov2.a.kwimgs.com/bs3/video-hls/5211790793651941963_hlsb.m3u8, IPv_Type: ipv4, Location: 美国-加利福尼亚州-圣克拉拉, ISP: 腾讯云, Date: None, Delay: 39 ms, Speed: 1.08 M/s, Resolution: 1280x720
Name: 精品体育, URL: https://epg.pw/stream/f7556eccd4ae06b0c2991fdc7a4f8388496559f728cc82459a8e50346040e226.m3u8, IPv_Type: ipv6, Location: 美国, ISP: CloudFlare Inc., Date: None, Delay: 1409 ms, Speed: 0.48 M/s, Resolution: 1280x720
Name: 精品体育, URL: https://epg.pw/stream/866a097a0907c9832440f8df38272dd555abf05200dfbafcc137e214c9b30ca7.m3u8, IPv_Type: ipv6, Location: 美国, ISP: CloudFlare Inc., Date: None, Delay: 1412 ms, Speed: 0.47 M/s, Resolution: 1280x720
Name: 七龙珠, URL: https://live.metshop.top/huya/11601966, IPv_Type: ipv6, Location: 美国, ISP: CloudFlare Inc., Date: None, Delay: 475 ms, Speed: 0.36 M/s, Resolution: 960x720
Name: 中华小当家, URL: https://live.metshop.top/huya/11342413, IPv_Type: ipv6, Location: 美国, ISP: CloudFlare Inc., Date: None, Delay: 346 ms, Speed: 0.23 M/s, Resolution: 640x432
Name: 音乐现场, URL: https://satellitepull.cnr.cn/live/wx32nmgyygb/playlist.m3u8, IPv_Type: ipv4, Location: 美国-华盛顿州-金, ISP: 网宿CDN西雅图节点, Date: None, Delay: 158 ms, Speed: 0.70 M/s, Resolution: None
Name: 笑傲江湖, URL: https://live.metshop.top/huya/23865142, IPv_Type: ipv6, Location: 美国, ISP: CloudFlare Inc., Date: None, Delay: 553 ms, Speed: 0.61 M/s, Resolution: 1920x1080
Name: 封神榜, URL: https://live.metshop.top/huya/29465849, IPv_Type: ipv6, Location: 美国, ISP: CloudFlare Inc., Date: None, Delay: 376 ms, Speed: 0.56 M/s, Resolution: 1920x1080
Name: 射雕英雄传, URL: https://live.metshop.top/huya/23824164, IPv_Type: ipv6, Location: 美国, ISP: CloudFlare Inc., Date: None, Delay: 409 ms, Speed: 0.77 M/s, Resolution: 1274x670
